=== M4 verify ===
--- PRD/SPEC.md exists ---
exists
exit=0
--- vercel.json JSON parses ---
JSON OK
exit=0
--- node --check (4 files) ---
JS OK
exit=0
--- git diff --stat vercel.json ---
 vercel.json | 2 +-
 1 file changed, 1 insertion(+), 1 deletion(-)
--- git diff vercel.json ---
diff --git a/vercel.json b/vercel.json
index b70e473..248a1cb 100644
--- a/vercel.json
+++ b/vercel.json
@@ -14,7 +14,7 @@
       "use": "@vercel/static"
     },
     {
-      "src": "SPEC.md",
+      "src": "PRD/SPEC.md",
       "use": "@vercel/static"
     },
     {
